# serializer version: 1
# name: test_weather[weather.warszawa-entry]
  dict({
    'config_subentry_id': None,
    'disabled_by': None,
    'entity_category': None,
    'entity_id': 'weather.warszawa',
    'has_entity_name': True,
    'icon': None,
    'name': None,
    'options': ReadOnlyDict({
    }),
    'original_name': None,
    'platform': 'meteo_imgw_pib',
    'translation_key': None,
    'unique_id': '12200',
  })
# ---
# name: test_weather[weather.warszawa-state]
  dict({
    'attributes': ReadOnlyDict({
      'apparent_temperature': 10.5,
      'attribution': 'Data provided by IMGW-PIB',
      'cloud_coverage': 20,
      'friendly_name': 'Warszawa',
      'humidity': 88,
      'precipitation_unit': <UnitOfPrecipitationDepth.MILLIMETERS: 'mm'>,
      'pressure': 1002.0,
      'pressure_unit': <UnitOfPressure.HPA: 'hPa'>,
      'supported_features': <WeatherEntityFeature.FORECAST_HOURLY|FORECAST_TWICE_DAILY: 6>,
      'temperature': 12.5,
      'temperature_unit': <UnitOfTemperature.CELSIUS: '°C'>,
      'visibility_unit': <UnitOfLength.KILOMETERS: 'km'>,
      'wind_bearing': 12,
      'wind_gust_speed': 28.8,
      'wind_speed': 14.4,
      'wind_speed_unit': <UnitOfSpeed.KILOMETERS_PER_HOUR: 'km/h'>,
    }),
    'entity_id': 'weather.warszawa',
    'state': 'sunny',
  })
# ---
