# serializer version: 1
# name: test_forecast_service[hourly]
  dict({
    'weather.warszawa': dict({
      'forecast': list([
        dict({
          'apparent_temperature': 15.9,
          'cloud_coverage': 16,
          'condition': 'sunny',
          'datetime': '2025-07-11T15:00:00+00:00',
          'humidity': 59,
          'precipitation': 0.0,
          'pressure': 1018.0,
          'temperature': 15.9,
          'wind_bearing': 272,
          'wind_gust_speed': 21.96,
          'wind_speed': 8.64,
        }),
      ]),
    }),
  })
# ---
# name: test_forecast_service[twice_daily]
  dict({
    'weather.warszawa': dict({
      'forecast': list([
        dict({
          'cloud_coverage': 37.5,
          'condition': 'clear-night',
          'datetime': '2025-07-11T00:00:00+00:00',
          'is_daytime': False,
          'precipitation': 0.0,
          'temperature': 19.6,
          'templow': 8.1,
          'wind_speed': 9.0,
        }),
      ]),
    }),
  })
# ---
# name: test_weather[weather.warszawa-entry]
  dict({
    'config_subentry_id': None,
    'disabled_by': None,
    'entity_category': None,
    'entity_id': 'weather.warszawa',
    'has_entity_name': True,
    'icon': None,
    'name': None,
    'options': ReadOnlyDict({
    }),
    'original_name': None,
    'platform': 'meteo_imgw_pib',
    'translation_key': None,
    'unique_id': '12200',
  })
# ---
# name: test_weather[weather.warszawa-state]
  dict({
    'attributes': ReadOnlyDict({
      <WeatherEntityStateAttribute.APPARENT_TEMPERATURE: 'apparent_temperature'>: 10.5,
      <EntityStateAttribute.ATTRIBUTION: 'attribution'>: 'Data provided by IMGW-PIB',
      <WeatherEntityStateAttribute.CLOUD_COVERAGE: 'cloud_coverage'>: 20,
      <EntityStateAttribute.FRIENDLY_NAME: 'friendly_name'>: 'Warszawa',
      <WeatherEntityStateAttribute.HUMIDITY: 'humidity'>: 88,
      <WeatherEntityStateAttribute.PRECIPITATION_UNIT: 'precipitation_unit'>: <UnitOfPrecipitationDepth.MILLIMETERS: 'mm'>,
      <WeatherEntityStateAttribute.PRESSURE: 'pressure'>: 1002.0,
      <WeatherEntityStateAttribute.PRESSURE_UNIT: 'pressure_unit'>: <UnitOfPressure.HPA: 'hPa'>,
      <EntityStateAttribute.SUPPORTED_FEATURES: 'supported_features'>: <WeatherEntityFeature.FORECAST_HOURLY|FORECAST_TWICE_DAILY: 6>,
      <WeatherEntityStateAttribute.TEMPERATURE: 'temperature'>: 12.5,
      <WeatherEntityStateAttribute.TEMPERATURE_UNIT: 'temperature_unit'>: <UnitOfTemperature.CELSIUS: '°C'>,
      <WeatherEntityStateAttribute.VISIBILITY_UNIT: 'visibility_unit'>: <UnitOfLength.KILOMETERS: 'km'>,
      <WeatherEntityStateAttribute.WIND_BEARING: 'wind_bearing'>: 12,
      <WeatherEntityStateAttribute.WIND_GUST_SPEED: 'wind_gust_speed'>: 28.8,
      <WeatherEntityStateAttribute.WIND_SPEED: 'wind_speed'>: 14.4,
      <WeatherEntityStateAttribute.WIND_SPEED_UNIT: 'wind_speed_unit'>: <UnitOfSpeed.KILOMETERS_PER_HOUR: 'km/h'>,
    }),
    'entity_id': 'weather.warszawa',
    'state': 'sunny',
  })
# ---
